POST http://dummy.restapiexample.com/api/v1/create
Accept: application/json
Content-Length: 58
Content-Type: application/json